// Jest Snapshot v1, https://goo.gl/fbAQLP

exports[`renders correct map component 1`] = `
<div
  id="map"
/>
`;
